../Core/Src/stm32f4xx_hal_msp.c:63:6:HAL_MspInit	16	static
../Core/Src/stm32f4xx_hal_msp.c:85:6:HAL_DMA2D_MspInit	24	static
../Core/Src/stm32f4xx_hal_msp.c:110:6:HAL_DMA2D_MspDeInit	16	static
../Core/Src/stm32f4xx_hal_msp.c:135:6:HAL_TIM_Base_MspInit	24	static
../Core/Src/stm32f4xx_hal_msp.c:157:6:HAL_TIM_Base_MspDeInit	16	static
../Core/Src/stm32f4xx_hal_msp.c:179:6:HAL_UART_MspInit	48	static
../Core/Src/stm32f4xx_hal_msp.c:215:6:HAL_UART_MspDeInit	16	static
../Core/Src/stm32f4xx_hal_msp.c:240:13:HAL_FMC_MspInit	32	static
../Core/Src/stm32f4xx_hal_msp.c:346:6:HAL_SDRAM_MspInit	16	static
../Core/Src/stm32f4xx_hal_msp.c:358:13:HAL_FMC_MspDeInit	8	static
../Core/Src/stm32f4xx_hal_msp.c:432:6:HAL_SDRAM_MspDeInit	16	static
